// Jest Snapshot v1, https://goo.gl/fbAQLP

exports[`Input Snapshot testing Matches the snapshot 1`] = `
<input
  name="search"
  placeholder="search"
  type="text"
  value="Test"
/>
`;
