// Jest Snapshot v1, https://goo.gl/fbAQLP

exports[`Loader Snapshot testing Matches the snapshot 1`] = `
<div
  className="loader-container"
>
  <svg
    height="100px"
    preserveAspectRatio="xMidYMid"
    style={
      Object {
        "background": "none",
      }
    }
    viewBox="0 0 100 100"
    width="100px"
    xmlns="http://www.w3.org/2000/svg"
  >
    <circle
      cx="50"
      cy="50"
      fill="none"
      r="35"
      stroke="#bd4030"
      strokeDasharray="164.93361431346415 56.97787143782138"
      strokeWidth="10"
      transform="rotate(199.729 50 50)"
    >
      <animateTransform
        attributeName="transform"
        begin="0s"
        calcMode="linear"
        dur="1s"
        keyTimes="0;1"
        repeatCount="indefinite"
        type="rotate"
        values="0 50 50;360 50 50"
      />
    </circle>
  </svg>
</div>
`;
